// Jest Snapshot v1, https://goo.gl/fbAQLP

exports[`actions/step jumpToStep dispatches a jump to step action 1`] = `
Object {
  "step": 1,
  "type": "JUMP_TO_STEP",
}
`;

exports[`actions/step stepForward dispatches a step forward action 1`] = `
Object {
  "type": "STEP_FORWARD",
}
`;
