// Jest Snapshot v1, https://goo.gl/fbAQLP

exports[`components/board renders a board 1`] = `
<div>
  <div
    className="board-row"
    key="0"
  >
    <Square
      key="0"
      onClick={[Function]}
      value="X"
    />
    <Square
      key="1"
      onClick={[Function]}
      value="X"
    />
    <Square
      key="2"
      onClick={[Function]}
      value="O"
    />
  </div>
  <div
    className="board-row"
    key="1"
  >
    <Square
      key="3"
      onClick={[Function]}
      value="X"
    />
    <Square
      key="4"
      onClick={[Function]}
      value="O"
    />
    <Square
      key="5"
      onClick={[Function]}
      value="O"
    />
  </div>
  <div
    className="board-row"
    key="2"
  >
    <Square
      key="6"
      onClick={[Function]}
      value="X"
    />
    <Square
      key="7"
      onClick={[Function]}
      value="O"
    />
    <Square
      key="8"
      onClick={[Function]}
      value="O"
    />
  </div>
</div>
`;
